node.exe : [33mThe CJS 
build of Vite's Node API is 
deprecated. See https://vite
.dev/guide/troubleshooting.h
tml#vite-cjs-node-api-deprec
ated for more details.[39m
En C:\Program 
Files\nodejs\npx.ps1: 29 
Carácter: 3
+   & $NODE_EXE $NPX_CLI_JS 
$args
+   ~~~~~~~~~~~~~~~~~~~~~~~~
~~~~~
    + CategoryInfo          
    : NotSpecified: ([33m  
  The CJS bu...e details.   
 [39m:String) [], Remot    
eException
    + FullyQualifiedErrorId 
    : NativeCommandError
 

[1m[46m RUN [49m[22m [36mv4.0.18 [39m[90mC:/Users/Farid Samsung/Documents/GitHub/AvantDrive[39m

 [31mÔØ»[39m src/fleet/fleet.service.spec.ts [2m([22m[2m2 tests[22m[2m | [22m[31m1 failed[39m[2m)[22m[32m 29[2mms[22m[39m
       [32mÔ£ô[39m R1: creates approval request and returns 202 if odometro < actual[32m 20[2mms[22m[39m
[31m       [31m├ù[31m R5: auto-blocks vehicle if critical item is NOT_OK[39m[32m 6[2mms[22m[39m

[31mÔÄ»ÔÄ»ÔÄ»ÔÄ»ÔÄ»ÔÄ»ÔÄ»[
39m[1m[41m Failed Tests 1 
[49m[22m[31mÔÄ»ÔÄ»ÔÄ»ÔÄ»Ô
Ä»ÔÄ»ÔÄ»[39m

[41m[1m FAIL [22m[49m sr
c/fleet/fleet.service.spec.t
s[2m > 
[22mFleetService[2m > 
[22mAnti-fraud Rules[2m > 
[22mR5: auto-blocks 
vehicle if critical item is 
NOT_OK
[31m[1mTypeError[22m: 
Cannot read properties of 
undefined (reading 
'NOT_OK')[39m
[36m [2mÔØ»[22m src/fleet
/fleet.service.spec.ts:[2m7
6:85[22m[39m
    [90m 74| [39m         
       
odometroKm[33m:[39m 
[34m10500[39m[33m,[39m
    [90m 75| [39m         
       
estadoGeneral[33m:[39m [3
2m'NOT_OK'[39m[33m,[39m
    [90m 76| [39m         
       items: [{ nombre: 
'Frenos', critical: true, 
estado: CoÔÇª
    [90m   | [39m         
                            
                            
                   
[31m^[39m
    [90m 77| [39m         
   }[33m;[39m
    [90m 78| [39m

[31m[2mÔÄ»ÔÄ»ÔÄ»ÔÄ»ÔÄ»ÔÄ»Ô
Ä»ÔÄ»ÔÄ»ÔÄ»ÔÄ»ÔÄ»ÔÄ»ÔÄ»ÔÄ»ÔÄ
»ÔÄ»ÔÄ»ÔÄ»ÔÄ»ÔÄ»ÔÄ»ÔÄ»ÔÄ»[1/
1]ÔÄ»[22m[39m


[2m Test Files [22m [1m[31m1 failed[39m[22m[90m (1)[39m
[2m      Tests [22m [1m[31m1 failed[39m[22m[2m | [22m[1m[32m1 passed[39m[22m[90m (2)[39m
[2m   Start at [22m 07:59:17
[2m   Duration [22m 1.61s[2m (transform 111ms, setup 0ms, import 1.33s, tests 29ms, environment 0ms)[22m

